-- start_ignore
\! docker kill $(docker ps -q)
-- end_ignore
