-- Install a helper function to inject faults, using the fault injection
-- mechanism built into the server.
set log_min_messages='DEBUG1';
CREATE EXTENSION gp_inject_fault;
CREATE OR REPLACE FUNCTION pyint(i int) RETURNS int AS $$
# container: plc_python_shared
return i+1
$$ LANGUAGE plcontainer;
CREATE TABLE tbl(i int);
NOTICE:  Table doesn't have 'DISTRIBUTED BY' clause -- Using column named 'i' as the Greenplum Database data distribution key for this table.
HINT:  The 'DISTRIBUTED BY' clause determines the distribution of data. Make sure column(s) chosen are the optimal data distribution key to minimize skew.
INSERT INTO tbl SELECT * FROM generate_series(1, 10);
SET optimizer TO OFF;
-- Currently only containers in status "running" or "exited" can be cleaned.
CREATE OR REPLACE FUNCTION count_containers_to_be_cleaned(gp_segment_id int) 
RETURNS SETOF bigint AS $$
    WITH all_seg_containers AS (
        SELECT plcontainer_containers_info() AS container_info
        FROM gp_dist_random('gp_id')
        UNION ALL 
        SELECT plcontainer_containers_info() AS container_info
    ), containers_info_expanded AS (
        SELECT (container_info).* 
        FROM all_seg_containers
    )
    SELECT count(*) 
    FROM containers_info_expanded 
    WHERE
        "SEGMENT_ID"::int = gp_segment_id AND
        (
            "UP_TIME" LIKE 'Up %' OR 
            "UP_TIME" LIKE 'Exited %'
        );
$$ LANGUAGE sql;
-- reset the injection points
SELECT gp_inject_fault('plcontainer_before_container_started', 'reset', 2);
 gp_inject_fault 
-----------------
 Success:
(1 row)

SELECT gp_inject_fault('plcontainer_before_container_connected', 'reset', 2);
 gp_inject_fault 
-----------------
 Success:
(1 row)

SELECT gp_inject_fault('plcontainer_after_send_request', 'reset', 2);
 gp_inject_fault 
-----------------
 Success:
(1 row)

SELECT gp_inject_fault('plcontainer_after_recv_request', 'reset', 2);
 gp_inject_fault 
-----------------
 Success:
(1 row)

SELECT gp_inject_fault('plcontainer_before_udf_finish', 'reset', 2);
 gp_inject_fault 
-----------------
 Success:
(1 row)

-- Number of seconds for signal being delievered to the container.
\set container_signal_delay 0.1
-- start_ignore
-- QE crash after start a container
show optimizer;
 optimizer 
-----------
 off
(1 row)

SELECT gp_inject_fault('plcontainer_before_container_started', 'fatal', 2);
 gp_inject_fault 
-----------------
 Success:
(1 row)

SELECT pyint(i) from tbl;
ERROR:  fault triggered, fault name:'plcontainer_before_container_started' fault type:'fatal'  (seg0 slice1 127.0.0.1:7002 pid=2416521)
CONTEXT:  PLContainer function "pyint"
SELECT pg_sleep(:container_signal_delay);
 pg_sleep 
----------
 
(1 row)

-- end_ignore
SELECT count_containers_to_be_cleaned(0);
 count_containers_to_be_cleaned 
--------------------------------
                              0
(1 row)

\! ssh `psql -d ${PL_TESTDB} -c 'select address from gp_segment_configuration where dbid=2' -t -A` ps -ef </dev/null | grep -v grep | grep "plcontainer cleaner" | wc -l
0
SELECT sum(pyint(i)) from tbl;
 sum 
-----
  65
(1 row)

-- start_ignore
-- Start a container
-- QE crash when connnecting to an existing container
SELECT gp_inject_fault('plcontainer_before_container_connected', 'fatal', 2);
 gp_inject_fault 
-----------------
 Success:
(1 row)

SELECT pyint(i) from tbl;
ERROR:  fault triggered, fault name:'plcontainer_before_container_connected' fault type:'fatal'  (seg0 slice1 127.0.0.1:7002 pid=2416797)
CONTEXT:  PLContainer function "pyint"
SELECT pg_sleep(:container_signal_delay);
 pg_sleep 
----------
 
(1 row)

-- end_ignore
SELECT count_containers_to_be_cleaned(0);
 count_containers_to_be_cleaned 
--------------------------------
                              0
(1 row)

\! ssh `psql -d ${PL_TESTDB} -c 'select address from gp_segment_configuration where dbid=2' -t -A` ps -ef </dev/null | grep -v grep | grep "plcontainer cleaner" | wc -l
0
SELECT sum(pyint(i)) from tbl;
 sum 
-----
  65
(1 row)

-- start_ignore
SELECT gp_inject_fault('plcontainer_after_send_request', 'fatal', 2);
 gp_inject_fault 
-----------------
 Success:
(1 row)

SELECT pyint(i) from tbl;
ERROR:  fault triggered, fault name:'plcontainer_after_send_request' fault type:'fatal'  (seg0 slice1 127.0.0.1:7002 pid=2417089)
CONTEXT:  PLContainer function "pyint"
SELECT pg_sleep(:container_signal_delay);
 pg_sleep 
----------
 
(1 row)

-- end_ignore
SELECT count_containers_to_be_cleaned(0);
 count_containers_to_be_cleaned 
--------------------------------
                              0
(1 row)

\! ssh `psql -d ${PL_TESTDB} -c 'select address from gp_segment_configuration where dbid=2' -t -A` ps -ef </dev/null | grep -v grep | grep "plcontainer cleaner" | wc -l
0
SELECT sum(pyint(i)) from tbl;
 sum 
-----
  65
(1 row)

-- start_ignore
SELECT gp_inject_fault('plcontainer_after_recv_request', 'fatal', 2);
 gp_inject_fault 
-----------------
 Success:
(1 row)

SELECT pyint(i) from tbl;
ERROR:  fault triggered, fault name:'plcontainer_after_recv_request' fault type:'fatal'  (seg0 slice1 127.0.0.1:7002 pid=2417372)
CONTEXT:  PLContainer function "pyint"
SELECT pg_sleep(:container_signal_delay);
 pg_sleep 
----------
 
(1 row)

-- end_ignore
SELECT count_containers_to_be_cleaned(0);
 count_containers_to_be_cleaned 
--------------------------------
                              0
(1 row)

\! ssh `psql -d ${PL_TESTDB} -c 'select address from gp_segment_configuration where dbid=2' -t -A` ps -ef </dev/null | grep -v grep | grep "plcontainer cleaner" | wc -l
0
SELECT sum(pyint(i)) from tbl;
 sum 
-----
  65
(1 row)

-- start_ignore
SELECT gp_inject_fault('plcontainer_before_udf_finish', 'fatal', 2);
 gp_inject_fault 
-----------------
 Success:
(1 row)

SELECT pyint(i) from tbl;
ERROR:  fault triggered, fault name:'plcontainer_before_udf_finish' fault type:'fatal'  (seg0 slice1 127.0.0.1:7002 pid=2417668)
CONTEXT:  PLContainer function "pyint"
SELECT pg_sleep(:container_signal_delay);
 pg_sleep 
----------
 
(1 row)

-- end_ignore
SELECT count_containers_to_be_cleaned(0);
 count_containers_to_be_cleaned 
--------------------------------
                              0
(1 row)

\! ssh `psql -d ${PL_TESTDB} -c 'select address from gp_segment_configuration where dbid=2' -t -A` ps -ef </dev/null | grep -v grep | grep "plcontainer cleaner" | wc -l
0
-- reset the injection points
SELECT gp_inject_fault('plcontainer_before_container_started', 'reset', 2);
 gp_inject_fault 
-----------------
 Success:
(1 row)

SELECT gp_inject_fault('plcontainer_before_container_connected', 'reset', 2);
 gp_inject_fault 
-----------------
 Success:
(1 row)

SELECT gp_inject_fault('plcontainer_after_send_request', 'reset', 2);
 gp_inject_fault 
-----------------
 Success:
(1 row)

SELECT gp_inject_fault('plcontainer_after_recv_request', 'reset', 2);
 gp_inject_fault 
-----------------
 Success:
(1 row)

SELECT gp_inject_fault('plcontainer_before_udf_finish', 'reset', 2);
 gp_inject_fault 
-----------------
 Success:
(1 row)

DROP TABLE tbl;
-- reset the injection points
SELECT gp_inject_fault('plcontainer_before_container_started', 'reset', 1);
 gp_inject_fault 
-----------------
 Success:
(1 row)

SELECT gp_inject_fault('plcontainer_after_send_request', 'reset', 1);
 gp_inject_fault 
-----------------
 Success:
(1 row)

-- After QE log(error, ...), related docker containers should be deleted.
-- Test on entrydb.
-- start_ignore
show optimizer;
 optimizer 
-----------
 off
(1 row)

SELECT gp_inject_fault('plcontainer_before_container_started', 'error', 1);
 gp_inject_fault 
-----------------
 Success:
(1 row)

SELECT pyint(0);
ERROR:  fault triggered, fault name:'plcontainer_before_container_started' fault type:'error'
CONTEXT:  PLContainer function "pyint"
SELECT pg_sleep(:container_signal_delay);
 pg_sleep 
----------
 
(1 row)

-- end_ignore
SELECT count_containers_to_be_cleaned(-1);
 count_containers_to_be_cleaned 
--------------------------------
                              0
(1 row)

\! ps -ef </dev/null | grep -v grep | grep "plcontainer cleaner" | wc -l
0
SELECT pyint(1);
 pyint 
-------
     2
(1 row)

-- start_ignore
SELECT gp_inject_fault('plcontainer_after_send_request', 'error', 1);
 gp_inject_fault 
-----------------
 Success:
(1 row)

SELECT pyint(2);
ERROR:  fault triggered, fault name:'plcontainer_after_send_request' fault type:'error'
CONTEXT:  PLContainer function "pyint"
SELECT pg_sleep(:container_signal_delay);
 pg_sleep 
----------
 
(1 row)

-- end_ignore
SELECT count_containers_to_be_cleaned(-1);
 count_containers_to_be_cleaned 
--------------------------------
                              0
(1 row)

\! ps -ef </dev/null | grep -v grep | grep "plcontainer cleaner" | wc -l
0
SELECT pyint(3);
 pyint 
-------
     4
(1 row)

-- Detect for the process name change (from "plcontainer cleaner" to other).
-- In such case, above cases will still succeed as unexpected.
-- start_ignore
\! docker container ls --all --format json 
{"Command":"\"/clientdir/py3clien…\"","CreatedAt":"2024-01-09 20:17:43 -0500 EST","ID":"d438553c6c90","Image":"python39.rocky8","Labels":"segindex=-1,databaseid=8207,dbid=-1,owner=gpadmin","LocalVolumes":"0","Mounts":"/home/gpadmin/…,/home/gpadmin/…,/tmp/plcontain…","Names":"tender_chaplygin","Networks":"","Ports":"","RunningFor":"Less than a second ago","Size":"0B","State":"running","Status":"Up Less than a second"}
-- end_ignore
SELECT count_containers_to_be_cleaned(-1);
 count_containers_to_be_cleaned 
--------------------------------
                              1
(1 row)

\! ps -ef </dev/null | grep -v grep | grep "plcontainer cleaner" | wc -l
0
-- reset the injection points
SELECT gp_inject_fault('plcontainer_before_container_started', 'reset', 1);
 gp_inject_fault 
-----------------
 Success:
(1 row)

SELECT gp_inject_fault('plcontainer_after_send_request', 'reset', 1);
 gp_inject_fault 
-----------------
 Success:
(1 row)

DROP FUNCTION pyint(i int);
DROP EXTENSION gp_inject_fault;
