-- test parallel 
select r_memory_parallel(20);
 r_memory_parallel 
-------------------
                 1
(1 row)

select r_memory_parallel(20);
 r_memory_parallel 
-------------------
                 1
(1 row)

select r_memory_parallel(20);
 r_memory_parallel 
-------------------
                 1
(1 row)

select r_memory_parallel(20);
 r_memory_parallel 
-------------------
                 1
(1 row)

select r_memory_parallel(20);
 r_memory_parallel 
-------------------
                 1
(1 row)

-- test on QE
select count(r_memory_parallel(num)) from NUM_OF_LOOPS_R;
 count 
-------
   256
(1 row)

