set log_min_messages='DEBUG1';
CREATE FUNCTION transfer_funds_exception() RETURNS void AS $$
#container: plc_python_shared
try:
    with plpy.subtransaction():
        plpy.execute("UPDATE accounts SET balance = balance - 100 WHERE account_name = 'joe'")
        raise Exception('Here is the exception')
        plpy.execute("UPDATE accounts SET balance = balance + 100 WHERE account_name = 'mary'")
except:
    result = "error transferring funds"
else:
    result = "funds transferred correctly"
plan = plpy.prepare("INSERT INTO operations (result) VALUES ($1)", ["text"])
plpy.execute(plan, [result])
$$ LANGUAGE plcontainer;
CREATE FUNCTION transfer_funds_normal() RETURNS void AS $$
#container: plc_python_shared
try:
    with plpy.subtransaction():
        plpy.execute("UPDATE accounts SET balance = balance - 100 WHERE account_name = 'joe'")
        plpy.execute("UPDATE accounts SET balance = balance + 100 WHERE account_name = 'mary'")
except:
    result = "error transferring funds"
else:
    result = "funds transferred correctly"
plan = plpy.prepare("INSERT INTO operations (result) VALUES ($1)", ["text"])
plpy.execute(plan, [result])
$$ LANGUAGE plcontainer;
CREATE FUNCTION transfer_funds_without_subtrans() RETURNS void AS $$
#container: plc_python_shared
try:
        plpy.execute("UPDATE accounts SET balance = balance - 100 WHERE account_name = 'joe'")
        raise Exception('I know Python!')
        plpy.execute("UPDATE accounts SET balance = balance + 100 WHERE account_name = 'mary'")
except:
    result = "error transferring funds"
else:
    result = "funds transferred correctly"
plan = plpy.prepare("INSERT INTO operations (result) VALUES ($1)", ["text"])
plpy.execute(plan, [result])
$$ LANGUAGE plcontainer;
CREATE FUNCTION transfer_funds_oldapi() RETURNS void AS $$
#container: plc_python_shared
subxact = plpy.subtransaction()
subxact.enter()
try:
        plpy.execute("UPDATE accounts SET balance = balance - 100 WHERE account_name = 'joe'")
        plpy.execute("UPDATE accounts SET balance = balance + 100 WHERE account_name = 'mary'")
except:
    result = "error transferring funds"
    import sys
    subxact.exit(*sys.exc_info())
    raise
else:
    result = "funds transferred correctly"
    subxact.exit(None, None, None)
plan = plpy.prepare("INSERT INTO operations (result) VALUES ($1)", ["text"])
plpy.execute(plan, [result])
$$ LANGUAGE plcontainer;
create table accounts(account_name text, balance int);
insert into accounts values('joe',100),('mary',100);
create table operations(result text);
select transfer_funds_exception();
 transfer_funds_exception 
--------------------------
 
(1 row)

select account_name, balance from accounts order by account_name;
 account_name | balance 
--------------+---------
 joe          |     100
 mary         |     100
(2 rows)

select * from operations order by result;
          result          
--------------------------
 error transferring funds
(1 row)

select transfer_funds_normal();
 transfer_funds_normal 
-----------------------
 
(1 row)

select account_name, balance from accounts order by account_name;
 account_name | balance 
--------------+---------
 joe          |       0
 mary         |     200
(2 rows)

select * from operations order by result;
           result            
-----------------------------
 error transferring funds
 funds transferred correctly
(2 rows)

select transfer_funds_oldapi();
 transfer_funds_oldapi 
-----------------------
 
(1 row)

select account_name, balance from accounts order by account_name;
 account_name | balance 
--------------+---------
 joe          |    -100
 mary         |     300
(2 rows)

select * from operations order by result;
           result            
-----------------------------
 error transferring funds
 funds transferred correctly
 funds transferred correctly
(3 rows)

select transfer_funds_without_subtrans();
 transfer_funds_without_subtrans 
---------------------------------
 
(1 row)

select account_name, balance from accounts order by account_name;
 account_name | balance 
--------------+---------
 joe          |    -200
 mary         |     300
(2 rows)

select * from operations order by result;
           result            
-----------------------------
 error transferring funds
 error transferring funds
 funds transferred correctly
 funds transferred correctly
(4 rows)

