do language plcontainer '
# container: plc_r_shared
print (10)
';
do language plcontainer '
# container: plc_r_shared
print ("hello")
';
