DROP EXTENSION plcontainer CASCADE;
NOTICE:  drop cascades to 257 other objects
DETAIL:  drop cascades to function pylog100()
drop cascades to function rshouldnotparse()
drop cascades to function pylog(integer,integer)
drop cascades to function rlog100()
drop cascades to function rbool(boolean)
drop cascades to function pybool(boolean)
drop cascades to function rint(smallint)
drop cascades to function pyint(smallint)
drop cascades to function rint(integer)
drop cascades to function pyint(integer)
drop cascades to function rint(bigint)
drop cascades to function pyint(bigint)
drop cascades to function rfloat(real)
drop cascades to function pyfloat(real)
drop cascades to function rfloat(double precision)
drop cascades to function pyfloat(double precision)
drop cascades to function rnumeric(numeric)
drop cascades to function pynumeric(numeric)
drop cascades to function rtimestamp(timestamp without time zone)
drop cascades to function pytimestamp(timestamp without time zone)
drop cascades to function rtimestamptz(timestamp with time zone)
drop cascades to function pytimestamptz(timestamp with time zone)
drop cascades to function rtext(character varying)
drop cascades to function pytext(text)
drop cascades to function rbyteaout(integer[])
drop cascades to function pybytea(bytea)
drop cascades to function rbyteain(bytea)
drop cascades to function pybytea2()
drop cascades to function rtest_mia()
drop cascades to function pybytea3()
drop cascades to function vec(double precision[])
drop cascades to function pyintarr(bigint[])
drop cascades to function vec(real[])
drop cascades to function pyintnulls(bigint[])
drop cascades to function vec(bigint[])
drop cascades to function pyfloatarr(double precision[])
drop cascades to function vec(integer[])
drop cascades to function pytextarr(character varying[])
drop cascades to function vec(numeric[])
drop cascades to function pytsarr(timestamp without time zone[])
drop cascades to function rintarr(bigint[])
drop cascades to function pybyteaarr(bytea[])
drop cascades to function rintarr(integer[])
drop cascades to function pyreturnarrint1(integer)
drop cascades to function rintarr(smallint[])
drop cascades to function pyreturnarrint2(integer)
drop cascades to function rfloatarr(double precision[])
drop cascades to function pyreturnarrint4(integer)
drop cascades to function rfloatarr(real[])
drop cascades to function pyreturnarrint8(integer)
drop cascades to function rfloatarr(numeric[])
drop cascades to function pyreturnarrfloat4(integer)
drop cascades to function rboolarr(boolean[])
drop cascades to function pyreturnarrfloat8(integer)
drop cascades to function rtimestamparr(timestamp without time zone[])
drop cascades to function pyreturnarrnumeric(integer)
drop cascades to function rdimarr(smallint[])
drop cascades to function pyreturnarrtext(integer)
drop cascades to function rdimarr(integer[])
drop cascades to function pyreturnarrbytea(bytea[])
drop cascades to function rdimarr(bigint[])
drop cascades to function pyreturnarrbytea2(integer)
drop cascades to function rdimarr(real[])
drop cascades to function pyreturnarrdate(integer)
drop cascades to function rdimarr(double precision[])
drop cascades to function pyreturntupint8()
drop cascades to function rdimarr(numeric[])
drop cascades to function pyreturnarrint8nulls()
drop cascades to function rdimarr(boolean[])
drop cascades to function pyreturnarrtextnulls()
drop cascades to function paster(text[],text[],text)
drop cascades to function pyreturnarrmulti()
drop cascades to function rlog100_shared()
drop cascades to function pyreturnsetofint8(integer)
drop cascades to function rpg_spi_exec(text)
drop cascades to function pyreturnsetofint4arr(integer)
drop cascades to function rconcatall()
drop cascades to function pyreturnsetoftextarr(integer)
drop cascades to function rnested_call_one(text)
drop cascades to function pyreturnsetofdate(integer)
drop cascades to function rnested_call_two(text)
drop cascades to function pyreturnsetofint8yield(integer)
drop cascades to function rnested_call_three(text)
drop cascades to function pywritefile()
drop cascades to function rlogging()
drop cascades to function pyconcat(text,text)
drop cascades to function rlogging2()
drop cascades to function pyconcatall()
drop cascades to function rlogging_fatal()
drop cascades to function pynested_call_one(text)
drop cascades to function pynested_call_two(text)
drop cascades to function rlargeint8in(bigint[])
drop cascades to function pynested_call_three(text)
drop cascades to function rlargeint8out(integer)
drop cascades to function py_plpy_get_record()
drop cascades to function pylogging()
drop cascades to function rtest_spi_tup(text)
drop cascades to function pylogging2()
drop cascades to function rtest_spi_ta(text)
drop cascades to function pygdset(character varying,character varying)
and 157 other objects (see server log for list)
\df
                       List of functions
 Schema | Name | Result data type | Argument data types | Type 
--------+------+------------------+---------------------+------
(0 rows)

