-- Test function cache change. See function_cache_put()
CREATE OR REPLACE FUNCTION pydef1(i integer) RETURNS integer AS $$
# container: plc_python_shared
return i+1
$$ LANGUAGE plcontainer;
select pydef1(1);
 pydef1 
--------
      2
(1 row)

select pydef1(2);
 pydef1 
--------
      3
(1 row)

CREATE OR REPLACE FUNCTION pydef1(i integer) RETURNS integer AS $$
# container: plc_python_shared
return i+2
$$ LANGUAGE plcontainer;
select pydef1(1);
WARNING:  hit this
 pydef1 
--------
      3
(1 row)

select pydef1(2);
 pydef1 
--------
      4
(1 row)

DROP FUNCTION pydef1(i integer);
