select r_large_spi();
 r_large_spi 
-------------
      561562
(1 row)

select r_io_intensive();
 r_io_intensive 
----------------
        1048576
(1 row)

select py_cpu_intensive();
 py_cpu_intensive 
------------------
             1229
(1 row)

select py_cpu_intensive() from generate_series(1,2);
 py_cpu_intensive 
------------------
             1229
             1229
(2 rows)

select r_cpu_intensive();
 r_cpu_intensive 
-----------------
            9592
(1 row)

select r_cpu_intensive() from generate_series(1,2);
 r_cpu_intensive 
-----------------
            9592
            9592
(2 rows)

select rlargeint8in(array_agg(id)) from generate_series(1, 1123123) id;
 rlargeint8in 
--------------
       561562
(1 row)

select avg(x) from (select unnest(rlargeint8out(1123123)) as x) as q;
        avg         
--------------------
 2.0000000000000000
(1 row)

select py_large_spi();
 py_large_spi 
--------------
       561562
(1 row)

select py_io_intensive();
 py_io_intensive 
-----------------
         2097152
(1 row)

select pylargeint8in(array_agg(id)) from generate_series(1, 1123123) id;
 pylargeint8in 
---------------
        561562
(1 row)

select avg(x) from (select unnest(pylargeint8out(1123123)) as x) as q;
         avg         
---------------------
 561561.000000000000
(1 row)

