-- Install a helper function to inject faults, using the fault injection
-- mechanism built into the server.
CREATE EXTENSION gp_inject_fault;
CREATE OR REPLACE FUNCTION pyint(i int) RETURNS int AS $$
# container: plc_python_shared
return i+1
$$ LANGUAGE plcontainer;
-- reset the injection points
SELECT gp_inject_fault('plcontainer_before_container_started', 'reset', 1);
NOTICE:  Success:
 gp_inject_fault 
-----------------
 t
(1 row)

SELECT gp_inject_fault('plcontainer_after_send_request', 'reset', 1);
NOTICE:  Success:
 gp_inject_fault 
-----------------
 t
(1 row)

-- After QE log(error, ...), related docker containers should be deleted.
-- Test on entrydb.
-- start_ignore
SELECT gp_inject_fault('plcontainer_before_container_started', 'error', 1);
NOTICE:  Success:
 gp_inject_fault 
-----------------
 t
(1 row)

SELECT pyint(0);
ERROR:  fault triggered, fault name:'plcontainer_before_container_started' fault type:'error'
SELECT pg_sleep(5);
 pg_sleep 
----------
 
(1 row)

-- end_ignore
\! docker ps -a | wc -l
1
\! ps -ef | grep -v grep | grep "plcontainer cleaner" | wc -l
0
SELECT pyint(1);
 pyint 
-------
     2
(1 row)

-- start_ignore
SELECT gp_inject_fault('plcontainer_after_send_request', 'error', 1);
NOTICE:  Success:
 gp_inject_fault 
-----------------
 t
(1 row)

SELECT pyint(2);
ERROR:  fault triggered, fault name:'plcontainer_after_send_request' fault type:'error'
SELECT pg_sleep(5);
 pg_sleep 
----------
 
(1 row)

-- end_ignore
\! docker ps -a | wc -l
1
\! ps -ef | grep -v grep | grep "plcontainer cleaner" | wc -l
0
SELECT pyint(3);
 pyint 
-------
     4
(1 row)

-- Detect for the process name change (from "plcontainer cleaner" to other).
-- In such case, above cases will still succeed as unexpected.
\! docker ps -a | wc -l
2
\! ps -ef | grep -v grep | grep "plcontainer cleaner" | wc -l
1
-- reset the injection points
SELECT gp_inject_fault('plcontainer_before_container_started', 'reset', 1);
NOTICE:  Success:
 gp_inject_fault 
-----------------
 t
(1 row)

SELECT gp_inject_fault('plcontainer_after_send_request', 'reset', 1);
NOTICE:  Success:
 gp_inject_fault 
-----------------
 t
(1 row)

DROP FUNCTION pyint(i int);
DROP EXTENSION gp_inject_fault;
