\! plcontainer configure -f $(pwd)/plcontainer_configuration_test.xml -y
drop table if exists test_python_network;
NOTICE:  table "test_python_network" does not exist, skipping
create table test_python_network(i int);
NOTICE:  Table doesn't have 'DISTRIBUTED BY' clause -- Using column named 'i' as the Greenplum Database data distribution key for this table.
HINT:  The 'DISTRIBUTED BY' clause determines the distribution of data. Make sure column(s) chosen are the optimal data distribution key to minimize skew.
insert into test_python_network select generate_series(0,10);
create or replace function python_network_test1(i integer) returns integer as $$
#container: plc_python_network
return i + 1024
$$ language plcontainer;
create or replace function python_network_test2() returns integer as $$
#container: plc_python_network
return 1024
$$ language plcontainer;
select python_network_test1(i) from test_python_network;
 python_network_test1 
----------------------
                 1024
                 1025
                 1026
                 1027
                 1028
                 1029
                 1030
                 1031
                 1032
                 1033
                 1034
(11 rows)

select python_network_test2() from test_python_network;
 python_network_test2 
----------------------
                 1024
                 1024
                 1024
                 1024
                 1024
                 1024
                 1024
                 1024
                 1024
                 1024
                 1024
(11 rows)

\! plcontainer configure --restore -y
select * from plcontainer_refresh_config;
 gp_segment_id | plcontainer_refresh_local_config 
---------------+----------------------------------
             0 | ok
            -1 | ok
(2 rows)

